로그인 중...
Summary 데이터 수집 중...
상품/키워드 데이터 수집 중...
주문/클레임 차트 캡처 중...
PDF 생성 중...
리포트 생성 완료: reports\dream_20260602.pdf

이메일 발송 중...
이메일 발송 완료 → dohb7133@castis.com, dohb7133@gmail.com
로그인 중...
Summary 데이터 수집 중...
상품/키워드 데이터 수집 중...
주문/클레임 차트 캡처 중...
PDF 생성 중...
리포트 생성 완료: reports\dream_20260602.pdf

이메일 발송 중...
이메일 발송 완료 → dohb7133@castis.com, dohb7133@gmail.com
로그인 중...
Summary 데이터 수집 중...
상품/키워드 데이터 수집 중...
주문/클레임 차트 캡처 중...
PDF 생성 중...
리포트 생성 완료: reports\dream_20260602.pdf

이메일 발송 중...
이메일 발송 완료 → dohb7133@castis.com, dohb7133@gmail.com
로그인 중...
Summary 데이터 수집 중...
상품/키워드 데이터 수집 중...
주문/클레임 차트 캡처 중...
PDF 생성 중...
리포트 생성 완료: reports\dream_20260602.pdf

이메일 발송 중...
이메일 발송 완료 → dohb7133@castis.com, dohb7133@gmail.com
로그인 중...
Summary 데이터 수집 중...
상품/키워드 데이터 수집 중...
주문/클레임 차트 캡처 중...
PDF 생성 중...
리포트 생성 완료: reports\dream_20260602.pdf

이메일 발송 중...
이메일 발송 완료 → dohb7133@castis.com, fallen.ears@castis.com, jrkim@castdream.co.kr, sjpark@castdream.co.kr, scahn@castdream.co.kr, salvame527@castis.com, chiphy@castis.com
